.\test_env\Scripts\python.exe : 2026-01-18 03:09:27.764216: I 
tensorflow/core/util/port.cc:153] oneDNN custom operations are on. 
You may see slightly different numerical results due to 
floating-point round-off errors from different computation orders. 
To turn them off, set the environment variable 
`TF_ENABLE_ONEDNN_OPTS=0`.
Au caractère Ligne:1 : 1
+ .\test_env\Scripts\python.exe test_model_accuracy.py > 
test_output.tx ...
+ ~~~~~~~~~~~~~~~~~~~~~~~~~~~~~~~~~~~~~~~~~~~~~~~~~~~~~~~~~~~~~~~~~~
~~~
    + CategoryInfo          : NotSpecified: (2026-01-18 03:0...ONED 
   NN_OPTS=0`.:String) [], RemoteException
    + FullyQualifiedErrorId : NativeCommandError
 
2026-01-18 03:09:30.463932: I tensorflow/core/util/port.cc:153] 
oneDNN custom operations are on. You may see slightly different 
numerical results due to floating-point round-off errors from 
different computation orders. To turn them off, set the environment 
variable `TF_ENABLE_ONEDNN_OPTS=0`.

============================================================
≡ƒº¬ TEST ACCURACY: model (1).h5
============================================================

≡ƒôª Fichier: model (1).h5
   Taille: 18.28 MB

≡ƒôì Chargement du mod├¿le...
Γ¥î Erreur chargement: Unable to synchronously open file (file signature not found)
